src/app/(auth)/index.tsx(33,11): error TS2769: No overload matches this call.
  Overload 1 of 2, '(props: ViewProps): View', gave the following error.
    Type 'ViewStyle | TextStyle | ImageStyle' is not assignable to type 'StyleProp<ViewStyle>'.
      Type 'TextStyle' is not assignable to type 'StyleProp<ViewStyle>'.
        Type 'TextStyle' is not assignable to type 'ViewStyle'.
          Types of property 'cursor' are incompatible.
            Type 'string | undefined' is not assignable to type 'CursorValue | undefined'.
              Type 'string' is not assignable to type 'CursorValue | undefined'.
  Overload 2 of 2, '(props: ViewProps, context: any): View', gave the following error.
    Type 'ViewStyle | TextStyle | ImageStyle' is not assignable to type 'StyleProp<ViewStyle>'.
      Type 'TextStyle' is not assignable to type 'StyleProp<ViewStyle>'.
        Type 'TextStyle' is not assignable to type 'ViewStyle'.
          Types of property 'cursor' are incompatible.
            Type 'string | undefined' is not assignable to type 'CursorValue | undefined'.
              Type 'string' is not assignable to type 'CursorValue | undefined'.
src/app/(auth)/index.tsx(35,13): error TS2769: No overload matches this call.
  Overload 1 of 2, '(props: ViewProps): View', gave the following error.
    Type 'ViewStyle | TextStyle | ImageStyle' is not assignable to type 'StyleProp<ViewStyle>'.
      Type 'TextStyle' is not assignable to type 'StyleProp<ViewStyle>'.
        Type 'TextStyle' is not assignable to type 'ViewStyle'.
          Types of property 'cursor' are incompatible.
            Type 'string | undefined' is not assignable to type 'CursorValue | undefined'.
              Type 'string' is not assignable to type 'CursorValue | undefined'.
  Overload 2 of 2, '(props: ViewProps, context: any): View', gave the following error.
    Type 'ViewStyle | TextStyle | ImageStyle' is not assignable to type 'StyleProp<ViewStyle>'.
      Type 'TextStyle' is not assignable to type 'StyleProp<ViewStyle>'.
        Type 'TextStyle' is not assignable to type 'ViewStyle'.
          Types of property 'cursor' are incompatible.
            Type 'string | undefined' is not assignable to type 'CursorValue | undefined'.
              Type 'string' is not assignable to type 'CursorValue | undefined'.
src/app/(auth)/index.tsx(36,15): error TS2769: No overload matches this call.
  Overload 1 of 2, '(props: ViewProps): View', gave the following error.
    Type 'ViewStyle | TextStyle | ImageStyle' is not assignable to type 'StyleProp<ViewStyle>'.
      Type 'TextStyle' is not assignable to type 'StyleProp<ViewStyle>'.
        Type 'TextStyle' is not assignable to type 'ViewStyle'.
          Types of property 'cursor' are incompatible.
            Type 'string | undefined' is not assignable to type 'CursorValue | undefined'.
              Type 'string' is not assignable to type 'CursorValue | undefined'.
  Overload 2 of 2, '(props: ViewProps, context: any): View', gave the following error.
    Type 'ViewStyle | TextStyle | ImageStyle' is not assignable to type 'StyleProp<ViewStyle>'.
      Type 'TextStyle' is not assignable to type 'StyleProp<ViewStyle>'.
        Type 'TextStyle' is not assignable to type 'ViewStyle'.
          Types of property 'cursor' are incompatible.
            Type 'string | undefined' is not assignable to type 'CursorValue | undefined'.
              Type 'string' is not assignable to type 'CursorValue | undefined'.
src/app/(auth)/index.tsx(37,17): error TS2769: No overload matches this call.
  Overload 1 of 2, '(props: TextProps): Text', gave the following error.
    Type 'ViewStyle | TextStyle | ImageStyle' is not assignable to type 'StyleProp<TextStyle>'.
      Type 'ViewStyle' is not assignable to type 'StyleProp<TextStyle>'.
        Type 'ViewStyle' is not assignable to type 'TextStyle'.
          Types of property 'userSelect' are incompatible.
            Type 'string | undefined' is not assignable to type '"all" | "contain" | "text" | "none" | "auto" | undefined'.
              Type 'string' is not assignable to type '"all" | "contain" | "text" | "none" | "auto" | undefined'.
  Overload 2 of 2, '(props: TextProps, context: any): Text', gave the following error.
    Type 'ViewStyle | TextStyle | ImageStyle' is not assignable to type 'StyleProp<TextStyle>'.
      Type 'ViewStyle' is not assignable to type 'StyleProp<TextStyle>'.
        Type 'ViewStyle' is not assignable to type 'TextStyle'.
          Types of property 'userSelect' are incompatible.
            Type 'string | undefined' is not assignable to type '"all" | "contain" | "text" | "none" | "auto" | undefined'.
              Type 'string' is not assignable to type '"all" | "contain" | "text" | "none" | "auto" | undefined'.
src/app/(auth)/index.tsx(39,15): error TS2769: No overload matches this call.
  Overload 1 of 2, '(props: TextProps): Text', gave the following error.
    Type 'ViewStyle | TextStyle | ImageStyle' is not assignable to type 'StyleProp<TextStyle>'.
      Type 'ViewStyle' is not assignable to type 'StyleProp<TextStyle>'.
        Type 'ViewStyle' is not assignable to type 'TextStyle'.
          Types of property 'userSelect' are incompatible.
            Type 'string | undefined' is not assignable to type '"all" | "contain" | "text" | "none" | "auto" | undefined'.
              Type 'string' is not assignable to type '"all" | "contain" | "text" | "none" | "auto" | undefined'.
  Overload 2 of 2, '(props: TextProps, context: any): Text', gave the following error.
    Type 'ViewStyle | TextStyle | ImageStyle' is not assignable to type 'StyleProp<TextStyle>'.
      Type 'ViewStyle' is not assignable to type 'StyleProp<TextStyle>'.
        Type 'ViewStyle' is not assignable to type 'TextStyle'.
          Types of property 'userSelect' are incompatible.
            Type 'string | undefined' is not assignable to type '"all" | "contain" | "text" | "none" | "auto" | undefined'.
              Type 'string' is not assignable to type '"all" | "contain" | "text" | "none" | "auto" | undefined'.
src/app/(auth)/index.tsx(43,15): error TS2769: No overload matches this call.
  Overload 1 of 2, '(props: TextProps): Text', gave the following error.
    Type 'ViewStyle | TextStyle | ImageStyle' is not assignable to type 'StyleProp<TextStyle>'.
      Type 'ViewStyle' is not assignable to type 'StyleProp<TextStyle>'.
        Type 'ViewStyle' is not assignable to type 'TextStyle'.
          Types of property 'userSelect' are incompatible.
            Type 'string | undefined' is not assignable to type '"all" | "contain" | "text" | "none" | "auto" | undefined'.
              Type 'string' is not assignable to type '"all" | "contain" | "text" | "none" | "auto" | undefined'.
  Overload 2 of 2, '(props: TextProps, context: any): Text', gave the following error.
    Type 'ViewStyle | TextStyle | ImageStyle' is not assignable to type 'StyleProp<TextStyle>'.
      Type 'ViewStyle' is not assignable to type 'StyleProp<TextStyle>'.
        Type 'ViewStyle' is not assignable to type 'TextStyle'.
          Types of property 'userSelect' are incompatible.
            Type 'string | undefined' is not assignable to type '"all" | "contain" | "text" | "none" | "auto" | undefined'.
              Type 'string' is not assignable to type '"all" | "contain" | "text" | "none" | "auto" | undefined'.
src/app/(auth)/index.tsx(49,13): error TS2769: No overload matches this call.
  Overload 1 of 2, '(props: ViewProps): View', gave the following error.
    Type 'ViewStyle | TextStyle | ImageStyle' is not assignable to type 'StyleProp<ViewStyle>'.
      Type 'TextStyle' is not assignable to type 'StyleProp<ViewStyle>'.
        Type 'TextStyle' is not assignable to type 'ViewStyle'.
          Types of property 'cursor' are incompatible.
            Type 'string | undefined' is not assignable to type 'CursorValue | undefined'.
              Type 'string' is not assignable to type 'CursorValue | undefined'.
  Overload 2 of 2, '(props: ViewProps, context: any): View', gave the following error.
    Type 'ViewStyle | TextStyle | ImageStyle' is not assignable to type 'StyleProp<ViewStyle>'.
      Type 'TextStyle' is not assignable to type 'StyleProp<ViewStyle>'.
        Type 'TextStyle' is not assignable to type 'ViewStyle'.
          Types of property 'cursor' are incompatible.
            Type 'string | undefined' is not assignable to type 'CursorValue | undefined'.
              Type 'string' is not assignable to type 'CursorValue | undefined'.
src/app/(auth)/index.tsx(52,13): error TS2322: Type 'ViewStyle | TextStyle | ImageStyle' is not assignable to type 'StyleProp<ViewStyle> | ((state: PressableStateCallbackType) => StyleProp<ViewStyle>)'.
  Type 'TextStyle' is not assignable to type 'StyleProp<ViewStyle> | ((state: PressableStateCallbackType) => StyleProp<ViewStyle>)'.
    Type 'TextStyle' is not assignable to type 'ViewStyle'.
      Types of property 'cursor' are incompatible.
        Type 'string | undefined' is not assignable to type 'CursorValue | undefined'.
          Type 'string' is not assignable to type 'CursorValue | undefined'.
src/app/(auth)/index.tsx(56,19): error TS2769: No overload matches this call.
  Overload 1 of 2, '(props: TextProps): Text', gave the following error.
    Type 'ViewStyle | TextStyle | ImageStyle' is not assignable to type 'StyleProp<TextStyle>'.
      Type 'ViewStyle' is not assignable to type 'StyleProp<TextStyle>'.
        Type 'ViewStyle' is not assignable to type 'TextStyle'.
          Types of property 'userSelect' are incompatible.
            Type 'string | undefined' is not assignable to type '"all" | "contain" | "text" | "none" | "auto" | undefined'.
              Type 'string' is not assignable to type '"all" | "contain" | "text" | "none" | "auto" | undefined'.
  Overload 2 of 2, '(props: TextProps, context: any): Text', gave the following error.
    Type 'ViewStyle | TextStyle | ImageStyle' is not assignable to type 'StyleProp<TextStyle>'.
      Type 'ViewStyle' is not assignable to type 'StyleProp<TextStyle>'.
        Type 'ViewStyle' is not assignable to type 'TextStyle'.
          Types of property 'userSelect' are incompatible.
            Type 'string | undefined' is not assignable to type '"all" | "contain" | "text" | "none" | "auto" | undefined'.
              Type 'string' is not assignable to type '"all" | "contain" | "text" | "none" | "auto" | undefined'.
src/app/(auth)/index.tsx(62,13): error TS2322: Type 'ViewStyle | TextStyle | ImageStyle' is not assignable to type 'StyleProp<ViewStyle> | ((state: PressableStateCallbackType) => StyleProp<ViewStyle>)'.
  Type 'TextStyle' is not assignable to type 'StyleProp<ViewStyle> | ((state: PressableStateCallbackType) => StyleProp<ViewStyle>)'.
    Type 'TextStyle' is not assignable to type 'ViewStyle'.
      Types of property 'cursor' are incompatible.
        Type 'string | undefined' is not assignable to type 'CursorValue | undefined'.
          Type 'string' is not assignable to type 'CursorValue | undefined'.
src/app/(auth)/index.tsx(66,19): error TS2769: No overload matches this call.
  Overload 1 of 2, '(props: TextProps): Text', gave the following error.
    Type 'ViewStyle | TextStyle | ImageStyle' is not assignable to type 'StyleProp<TextStyle>'.
      Type 'ViewStyle' is not assignable to type 'StyleProp<TextStyle>'.
        Type 'ViewStyle' is not assignable to type 'TextStyle'.
          Types of property 'userSelect' are incompatible.
            Type 'string | undefined' is not assignable to type '"all" | "contain" | "text" | "none" | "auto" | undefined'.
              Type 'string' is not assignable to type '"all" | "contain" | "text" | "none" | "auto" | undefined'.
  Overload 2 of 2, '(props: TextProps, context: any): Text', gave the following error.
    Type 'ViewStyle | TextStyle | ImageStyle' is not assignable to type 'StyleProp<TextStyle>'.
      Type 'ViewStyle' is not assignable to type 'StyleProp<TextStyle>'.
        Type 'ViewStyle' is not assignable to type 'TextStyle'.
          Types of property 'userSelect' are incompatible.
            Type 'string | undefined' is not assignable to type '"all" | "contain" | "text" | "none" | "auto" | undefined'.
              Type 'string' is not assignable to type '"all" | "contain" | "text" | "none" | "auto" | undefined'.
src/app/(auth)/index.tsx(70,15): error TS2769: No overload matches this call.
  Overload 1 of 2, '(props: ViewProps): View', gave the following error.
    Type 'ViewStyle | TextStyle | ImageStyle' is not assignable to type 'StyleProp<ViewStyle>'.
      Type 'TextStyle' is not assignable to type 'StyleProp<ViewStyle>'.
        Type 'TextStyle' is not assignable to type 'ViewStyle'.
          Types of property 'cursor' are incompatible.
            Type 'string | undefined' is not assignable to type 'CursorValue | undefined'.
              Type 'string' is not assignable to type 'CursorValue | undefined'.
  Overload 2 of 2, '(props: ViewProps, context: any): View', gave the following error.
    Type 'ViewStyle | TextStyle | ImageStyle' is not assignable to type 'StyleProp<ViewStyle>'.
      Type 'TextStyle' is not assignable to type 'StyleProp<ViewStyle>'.
        Type 'TextStyle' is not assignable to type 'ViewStyle'.
          Types of property 'cursor' are incompatible.
            Type 'string | undefined' is not assignable to type 'CursorValue | undefined'.
              Type 'string' is not assignable to type 'CursorValue | undefined'.
src/app/(auth)/index.tsx(71,17): error TS2769: No overload matches this call.
  Overload 1 of 2, '(props: ViewProps): View', gave the following error.
    Type 'ViewStyle | TextStyle | ImageStyle' is not assignable to type 'StyleProp<ViewStyle>'.
      Type 'TextStyle' is not assignable to type 'StyleProp<ViewStyle>'.
        Type 'TextStyle' is not assignable to type 'ViewStyle'.
          Types of property 'cursor' are incompatible.
            Type 'string | undefined' is not assignable to type 'CursorValue | undefined'.
              Type 'string' is not assignable to type 'CursorValue | undefined'.
  Overload 2 of 2, '(props: ViewProps, context: any): View', gave the following error.
    Type 'ViewStyle | TextStyle | ImageStyle' is not assignable to type 'StyleProp<ViewStyle>'.
      Type 'TextStyle' is not assignable to type 'StyleProp<ViewStyle>'.
        Type 'TextStyle' is not assignable to type 'ViewStyle'.
          Types of property 'cursor' are incompatible.
            Type 'string | undefined' is not assignable to type 'CursorValue | undefined'.
              Type 'string' is not assignable to type 'CursorValue | undefined'.
src/app/(auth)/index.tsx(72,17): error TS2769: No overload matches this call.
  Overload 1 of 2, '(props: TextProps): Text', gave the following error.
    Type 'ViewStyle | TextStyle | ImageStyle' is not assignable to type 'StyleProp<TextStyle>'.
      Type 'ViewStyle' is not assignable to type 'StyleProp<TextStyle>'.
        Type 'ViewStyle' is not assignable to type 'TextStyle'.
          Types of property 'userSelect' are incompatible.
            Type 'string | undefined' is not assignable to type '"all" | "contain" | "text" | "none" | "auto" | undefined'.
              Type 'string' is not assignable to type '"all" | "contain" | "text" | "none" | "auto" | undefined'.
  Overload 2 of 2, '(props: TextProps, context: any): Text', gave the following error.
    Type 'ViewStyle | TextStyle | ImageStyle' is not assignable to type 'StyleProp<TextStyle>'.
      Type 'ViewStyle' is not assignable to type 'StyleProp<TextStyle>'.
        Type 'ViewStyle' is not assignable to type 'TextStyle'.
          Types of property 'userSelect' are incompatible.
            Type 'string | undefined' is not assignable to type '"all" | "contain" | "text" | "none" | "auto" | undefined'.
              Type 'string' is not assignable to type '"all" | "contain" | "text" | "none" | "auto" | undefined'.
src/app/(auth)/index.tsx(73,17): error TS2769: No overload matches this call.
  Overload 1 of 2, '(props: ViewProps): View', gave the following error.
    Type 'ViewStyle | TextStyle | ImageStyle' is not assignable to type 'StyleProp<ViewStyle>'.
      Type 'TextStyle' is not assignable to type 'StyleProp<ViewStyle>'.
        Type 'TextStyle' is not assignable to type 'ViewStyle'.
          Types of property 'cursor' are incompatible.
            Type 'string | undefined' is not assignable to type 'CursorValue | undefined'.
              Type 'string' is not assignable to type 'CursorValue | undefined'.
  Overload 2 of 2, '(props: ViewProps, context: any): View', gave the following error.
    Type 'ViewStyle | TextStyle | ImageStyle' is not assignable to type 'StyleProp<ViewStyle>'.
      Type 'TextStyle' is not assignable to type 'StyleProp<ViewStyle>'.
        Type 'TextStyle' is not assignable to type 'ViewStyle'.
          Types of property 'cursor' are incompatible.
            Type 'string | undefined' is not assignable to type 'CursorValue | undefined'.
              Type 'string' is not assignable to type 'CursorValue | undefined'.
src/app/(auth)/index.tsx(78,13): error TS2322: Type 'ViewStyle | TextStyle | ImageStyle' is not assignable to type 'StyleProp<ViewStyle> | ((state: PressableStateCallbackType) => StyleProp<ViewStyle>)'.
  Type 'TextStyle' is not assignable to type 'StyleProp<ViewStyle> | ((state: PressableStateCallbackType) => StyleProp<ViewStyle>)'.
    Type 'TextStyle' is not assignable to type 'ViewStyle'.
      Types of property 'cursor' are incompatible.
        Type 'string | undefined' is not assignable to type 'CursorValue | undefined'.
          Type 'string' is not assignable to type 'CursorValue | undefined'.
src/app/(auth)/index.tsx(82,19): error TS2769: No overload matches this call.
  Overload 1 of 2, '(props: TextProps): Text', gave the following error.
    Type 'ViewStyle | TextStyle | ImageStyle' is not assignable to type 'StyleProp<TextStyle>'.
      Type 'ViewStyle' is not assignable to type 'StyleProp<TextStyle>'.
        Type 'ViewStyle' is not assignable to type 'TextStyle'.
          Types of property 'userSelect' are incompatible.
            Type 'string | undefined' is not assignable to type '"all" | "contain" | "text" | "none" | "auto" | undefined'.
              Type 'string' is not assignable to type '"all" | "contain" | "text" | "none" | "auto" | undefined'.
  Overload 2 of 2, '(props: TextProps, context: any): Text', gave the following error.
    Type 'ViewStyle | TextStyle | ImageStyle' is not assignable to type 'StyleProp<TextStyle>'.
      Type 'ViewStyle' is not assignable to type 'StyleProp<TextStyle>'.
        Type 'ViewStyle' is not assignable to type 'TextStyle'.
          Types of property 'userSelect' are incompatible.
            Type 'string | undefined' is not assignable to type '"all" | "contain" | "text" | "none" | "auto" | undefined'.
              Type 'string' is not assignable to type '"all" | "contain" | "text" | "none" | "auto" | undefined'.
src/app/(auth)/index.tsx(157,3): error TS2322: Type 'string' is not assignable to type 'ViewStyle | TextStyle | ImageStyle'.
src/app/(passenger)/_layout.tsx(17,9): error TS2322: Type '{ backgroundColor: "#FFFFFF"; borderTopColor: { readonly subtle: "#E6EBF2"; }; }' is not assignable to type 'false | "" | Value | AnimatedInterpolation<string | number> | WithAnimatedObject<ViewStyle> | WithAnimatedArray<Falsy | ViewStyle | RecursiveArray<...> | readonly (Falsy | ViewStyle)[]> | null | undefined'.
  Types of property 'borderTopColor' are incompatible.
    Type '{ readonly subtle: "#E6EBF2"; }' is not assignable to type 'string | OpaqueColorValue | Value | AnimatedInterpolation<string | number> | undefined'.
src/app/(passenger)/_layout.tsx(28,73): error TS2322: Type 'ColorValue' is not assignable to type 'string | undefined'.
  Type 'OpaqueColorValue' is not assignable to type 'string | undefined'.
src/app/(passenger)/_layout.tsx(37,77): error TS2322: Type 'ColorValue' is not assignable to type 'string | undefined'.
  Type 'OpaqueColorValue' is not assignable to type 'string | undefined'.
src/app/(passenger)/_layout.tsx(52,79): error TS2322: Type 'ColorValue' is not assignable to type 'string | undefined'.
  Type 'OpaqueColorValue' is not assignable to type 'string | undefined'.
src/app/(passenger)/activity/[tripId].tsx(125,64): error TS2769: No overload matches this call.
  Overload 1 of 2, '(props: TextProps): Text', gave the following error.
    Type '{ children: string; style: { fontSize: 13; color: "#6B7689"; maxWidth: "60%"; }; numberOfLines: number; selectTextOnFocus: true; }' is not assignable to type 'IntrinsicAttributes & IntrinsicClassAttributes<Text> & Readonly<TextProps>'.
      Property 'selectTextOnFocus' does not exist on type 'IntrinsicAttributes & IntrinsicClassAttributes<Text> & Readonly<TextProps>'.
  Overload 2 of 2, '(props: TextProps, context: any): Text', gave the following error.
    Type '{ children: string; style: { fontSize: 13; color: "#6B7689"; maxWidth: "60%"; }; numberOfLines: number; selectTextOnFocus: true; }' is not assignable to type 'IntrinsicAttributes & IntrinsicClassAttributes<Text> & Readonly<TextProps>'.
      Property 'selectTextOnFocus' does not exist on type 'IntrinsicAttributes & IntrinsicClassAttributes<Text> & Readonly<TextProps>'.
src/app/(passenger)/index.tsx(184,76): error TS2345: Argument of type 'DeviceLocation | null' is not assignable to parameter of type 'Record<string, unknown> | undefined'.
  Type 'null' is not assignable to type 'Record<string, unknown> | undefined'.
src/app/(passenger)/index.tsx(185,44): error TS18047: 'deviceLocation' is possibly 'null'.
src/app/(passenger)/index.tsx(185,69): error TS18047: 'deviceLocation' is possibly 'null'.
src/app/(passenger)/index.tsx(191,69): error TS2345: Argument of type 'unknown' is not assignable to parameter of type 'Record<string, unknown> | undefined'.
src/app/(passenger)/index.tsx(231,86): error TS2345: Argument of type 'unknown' is not assignable to parameter of type 'Record<string, unknown> | undefined'.
src/app/(passenger)/index.tsx(265,91): error TS2345: Argument of type 'unknown' is not assignable to parameter of type 'Record<string, unknown> | undefined'.
src/components/ui/LocationLoader.tsx(26,19): error TS2551: Property 'absoluteFillObject' does not exist on type 'typeof StyleSheet'. Did you mean 'absoluteFill'?
src/components/ui/Sheet.tsx(90,19): error TS2551: Property 'absoluteFillObject' does not exist on type 'typeof StyleSheet'. Did you mean 'absoluteFill'?
src/components/ui/SymbolIcon.tsx(51,7): error TS2322: Type '{ ios: string; android: string; web: string; }' is not assignable to type 'SFSymbols7_0 | { ios?: SFSymbols7_0 | undefined; android?: "function" | "build" | "pool" | "phone" | "email" | "output" | "error" | "check" | "message" | ... 4046 more ... | undefined; web?: "function" | ... 4054 more ... | undefined; }'.
  Type '{ ios: string; android: string; web: string; }' is not assignable to type '{ ios?: SFSymbols7_0 | undefined; android?: "function" | "build" | "pool" | "phone" | "email" | "output" | "error" | "check" | "message" | "input" | "clear" | "join" | ... 4043 more ... | undefined; web?: "function" | ... 4054 more ... | undefined; }'.
    Types of property 'ios' are incompatible.
      Type 'string' is not assignable to type 'SFSymbols7_0 | undefined'.
src/features/auth/hooks/useSession.ts(61,62): error TS2345: Argument of type 'string' is not assignable to parameter of type 'Record<string, unknown>'.
src/features/auth/hooks/useSession.ts(69,62): error TS2345: Argument of type 'unknown' is not assignable to parameter of type 'Record<string, unknown> | undefined'.
src/features/auth/hooks/useSignOut.ts(40,52): error TS2345: Argument of type 'Error' is not assignable to parameter of type 'Record<string, unknown>'.
  Index signature for type 'string' is missing in type 'Error'.
src/features/auth/validation/schemas.ts(36,16): error TS2769: No overload matches this call.
  Overload 1 of 2, '(values: readonly ["regular", "student", "pwd", "senior"], params?: string | { error?: string | $ZodErrorMap<$ZodIssueInvalidValue<unknown>> | undefined; message?: string | undefined; } | undefined): ZodEnum<...>', gave the following error.
    Object literal may only specify known properties, and 'errorMap' does not exist in type '{ error?: string | $ZodErrorMap<$ZodIssueInvalidValue<unknown>> | undefined; message?: string | undefined; }'.
  Overload 2 of 2, '(entries: Readonly<Record<string, EnumValue>>, params?: string | { error?: string | $ZodErrorMap<$ZodIssueInvalidValue<unknown>> | undefined; message?: string | undefined; } | undefined): ZodEnum<...>', gave the following error.
    Argument of type 'string[]' is not assignable to parameter of type 'Readonly<Record<string, EnumValue>>'.
      Index signature for type 'string' is missing in type 'string[]'.
src/features/booking/components/SearchingSheet.tsx(35,11): error TS2322: Type '{ label: string; onPress: () => void; loading: boolean; disabled: boolean; tone: string; style: { marginTop: 16; width: "100%"; }; testID: string; }' is not assignable to type 'IntrinsicAttributes & ButtonProps'.
  Property 'tone' does not exist on type 'IntrinsicAttributes & ButtonProps'.
src/features/booking/components/SetDestinationSheet.tsx(116,84): error TS2345: Argument of type 'Place | null' is not assignable to parameter of type 'Record<string, unknown> | undefined'.
  Type 'null' is not assignable to type 'Record<string, unknown> | undefined'.
src/features/booking/components/SetDestinationSheet.tsx(123,80): error TS2345: Argument of type 'unknown' is not assignable to parameter of type 'Record<string, unknown> | undefined'.
src/features/booking/hooks/usePassengerLocationPublisher.ts(47,89): error TS2345: Argument of type 'unknown' is not assignable to parameter of type 'Record<string, unknown> | undefined'.
src/features/booking/hooks/usePassengerLocationPublisher.ts(102,89): error TS2345: Argument of type 'unknown' is not assignable to parameter of type 'Record<string, unknown> | undefined'.
src/features/driver-availability/hooks/useAvailability.ts(52,58): error TS2345: Argument of type 'Error' is not assignable to parameter of type 'Record<string, unknown>'.
  Index signature for type 'string' is missing in type 'Error'.
src/features/driver-availability/hooks/useAvailability.ts(74,59): error TS2345: Argument of type 'Error' is not assignable to parameter of type 'Record<string, unknown>'.
  Index signature for type 'string' is missing in type 'Error'.
src/features/driver-availability/services/presence.service.ts(60,49): error TS2345: Argument of type 'unknown' is not assignable to parameter of type 'Record<string, unknown> | undefined'.
src/features/driver-availability/services/presence.service.ts(81,47): error TS2345: Argument of type 'string' is not assignable to parameter of type 'Record<string, unknown>'.
src/features/driver-availability/services/presence.service.ts(83,50): error TS2345: Argument of type 'unknown' is not assignable to parameter of type 'Record<string, unknown> | undefined'.
src/features/trip/components/ArrivedSheet.tsx(42,9): error TS2322: Type '{ label: string; onPress: () => void; loading: boolean; disabled: boolean; tone: string; testID: string; }' is not assignable to type 'IntrinsicAttributes & ButtonProps'.
  Property 'tone' does not exist on type 'IntrinsicAttributes & ButtonProps'.
src/features/trip/components/DriverMatchedSheet.tsx(43,9): error TS2322: Type '{ label: string; onPress: () => void; loading: boolean; disabled: boolean; tone: string; testID: string; }' is not assignable to type 'IntrinsicAttributes & ButtonProps'.
  Property 'tone' does not exist on type 'IntrinsicAttributes & ButtonProps'.
src/features/trip/components/EnRouteSheet.tsx(69,9): error TS2322: Type '{ label: string; onPress: () => void; loading: boolean; disabled: boolean; tone: string; testID: string; }' is not assignable to type 'IntrinsicAttributes & ButtonProps'.
  Property 'tone' does not exist on type 'IntrinsicAttributes & ButtonProps'.
src/services/firebase/firebase.ts(5,3): error TS2305: Module '"firebase/auth"' has no exported member 'getReactNativePersistence'.
